
===========================================================================
report_checks -path_delay min (Hold)
============================================================================
======================= Fastest Corner ===================================

Startpoint: A[6] (input port clocked by __VIRTUAL_CLK__)
Endpoint: out[6] (output port clocked by __VIRTUAL_CLK__)
Path Group: __VIRTUAL_CLK__
Path Type: min
Corner: Fastest

Fanout     Cap    Slew   Delay    Time   Description
-----------------------------------------------------------------------------
                  0.00    0.00    0.00   clock __VIRTUAL_CLK__ (rise edge)
                          0.00    0.00   clock network delay (ideal)
                          2.00    2.00 ^ input external delay
     1    0.01    0.03    0.02    2.02 ^ A[6] (in)
                                         A[6] (net)
                  0.03    0.00    2.02 ^ input7/A (sky130_fd_sc_hd__buf_8)
    10    0.12    0.16    0.14    2.16 ^ input7/X (sky130_fd_sc_hd__buf_8)
                                         net7 (net)
                  0.16    0.02    2.17 ^ _453_/A1 (sky130_fd_sc_hd__a22oi_4)
     1    0.05    0.08    0.10    2.27 v _453_/Y (sky130_fd_sc_hd__a22oi_4)
                                         net26 (net)
                  0.08    0.00    2.28 v output26/A (sky130_fd_sc_hd__buf_6)
     1    0.03    0.03    0.11    2.38 v output26/X (sky130_fd_sc_hd__buf_6)
                                         out[6] (net)
                  0.03    0.00    2.38 v out[6] (out)
                                  2.38   data arrival time

                  0.00    0.00    0.00   clock __VIRTUAL_CLK__ (rise edge)
                          0.00    0.00   clock network delay (ideal)
                          0.25    0.25   clock uncertainty
                          0.00    0.25   clock reconvergence pessimism
                         -2.00   -1.75   output external delay
                                 -1.75   data required time
-----------------------------------------------------------------------------
                                 -1.75   data required time
                                 -2.38   data arrival time
-----------------------------------------------------------------------------
                                  4.13   slack (MET)


Startpoint: A[7] (input port clocked by __VIRTUAL_CLK__)
Endpoint: out[7] (output port clocked by __VIRTUAL_CLK__)
Path Group: __VIRTUAL_CLK__
Path Type: min
Corner: Fastest

Fanout     Cap    Slew   Delay    Time   Description
-----------------------------------------------------------------------------
                  0.00    0.00    0.00   clock __VIRTUAL_CLK__ (rise edge)
                          0.00    0.00   clock network delay (ideal)
                          2.00    2.00 v input external delay
     1    0.00    0.00    0.00    2.00 v A[7] (in)
                                         A[7] (net)
                  0.00    0.00    2.00 v input8/A (sky130_fd_sc_hd__buf_4)
     7    0.07    0.07    0.12    2.12 v input8/X (sky130_fd_sc_hd__buf_4)
                                         net8 (net)
                  0.07    0.01    2.13 v _502_/A (sky130_fd_sc_hd__inv_2)
     1    0.01    0.06    0.07    2.20 ^ _502_/Y (sky130_fd_sc_hd__inv_2)
                                         _179_ (net)
                  0.06    0.00    2.20 ^ _503_/B2 (sky130_fd_sc_hd__o32a_4)
     1    0.03    0.07    0.10    2.30 ^ _503_/X (sky130_fd_sc_hd__o32a_4)
                                         net27 (net)
                  0.07    0.00    2.30 ^ output27/A (sky130_fd_sc_hd__buf_8)
     1    0.03    0.05    0.08    2.38 ^ output27/X (sky130_fd_sc_hd__buf_8)
                                         out[7] (net)
                  0.05    0.00    2.39 ^ out[7] (out)
                                  2.39   data arrival time

                  0.00    0.00    0.00   clock __VIRTUAL_CLK__ (rise edge)
                          0.00    0.00   clock network delay (ideal)
                          0.25    0.25   clock uncertainty
                          0.00    0.25   clock reconvergence pessimism
                         -2.00   -1.75   output external delay
                                 -1.75   data required time
-----------------------------------------------------------------------------
                                 -1.75   data required time
                                 -2.39   data arrival time
-----------------------------------------------------------------------------
                                  4.14   slack (MET)


Startpoint: A[5] (input port clocked by __VIRTUAL_CLK__)
Endpoint: out[5] (output port clocked by __VIRTUAL_CLK__)
Path Group: __VIRTUAL_CLK__
Path Type: min
Corner: Fastest

Fanout     Cap    Slew   Delay    Time   Description
-----------------------------------------------------------------------------
                  0.00    0.00    0.00   clock __VIRTUAL_CLK__ (rise edge)
                          0.00    0.00   clock network delay (ideal)
                          2.00    2.00 ^ input external delay
     1    0.00    0.01    0.01    2.01 ^ A[5] (in)
                                         A[5] (net)
                  0.01    0.00    2.01 ^ input6/A (sky130_fd_sc_hd__clkbuf_4)
     3    0.06    0.15    0.15    2.16 ^ input6/X (sky130_fd_sc_hd__clkbuf_4)
                                         net6 (net)
                  0.15    0.01    2.17 ^ _374_/A (sky130_fd_sc_hd__buf_12)
    10    0.12    0.11    0.13    2.30 ^ _374_/X (sky130_fd_sc_hd__buf_12)
                                         _052_ (net)
                  0.11    0.01    2.30 ^ _410_/A1 (sky130_fd_sc_hd__a21oi_1)
     1    0.00    0.03    0.04    2.34 v _410_/Y (sky130_fd_sc_hd__a21oi_1)
                                         net25 (net)
                  0.03    0.00    2.34 v output25/A (sky130_fd_sc_hd__buf_2)
     1    0.03    0.06    0.11    2.46 v output25/X (sky130_fd_sc_hd__buf_2)
                                         out[5] (net)
                  0.06    0.00    2.46 v out[5] (out)
                                  2.46   data arrival time

                  0.00    0.00    0.00   clock __VIRTUAL_CLK__ (rise edge)
                          0.00    0.00   clock network delay (ideal)
                          0.25    0.25   clock uncertainty
                          0.00    0.25   clock reconvergence pessimism
                         -2.00   -1.75   output external delay
                                 -1.75   data required time
-----------------------------------------------------------------------------
                                 -1.75   data required time
                                 -2.46   data arrival time
-----------------------------------------------------------------------------
                                  4.21   slack (MET)


Startpoint: A[3] (input port clocked by __VIRTUAL_CLK__)
Endpoint: out[3] (output port clocked by __VIRTUAL_CLK__)
Path Group: __VIRTUAL_CLK__
Path Type: min
Corner: Fastest

Fanout     Cap    Slew   Delay    Time   Description
-----------------------------------------------------------------------------
                  0.00    0.00    0.00   clock __VIRTUAL_CLK__ (rise edge)
                          0.00    0.00   clock network delay (ideal)
                          2.00    2.00 ^ input external delay
     1    0.01    0.02    0.01    2.01 ^ A[3] (in)
                                         A[3] (net)
                  0.02    0.00    2.01 ^ input4/A (sky130_fd_sc_hd__buf_6)
     7    0.08    0.12    0.12    2.13 ^ input4/X (sky130_fd_sc_hd__buf_6)
                                         net4 (net)
                  0.12    0.01    2.14 ^ _310_/A (sky130_fd_sc_hd__buf_12)
    11    0.12    0.11    0.13    2.27 ^ _310_/X (sky130_fd_sc_hd__buf_12)
                                         _238_ (net)
                  0.11    0.01    2.28 ^ _339_/A1_N (sky130_fd_sc_hd__o2bb2a_1)
     1    0.02    0.06    0.16    2.44 v _339_/X (sky130_fd_sc_hd__o2bb2a_1)
                                         net23 (net)
                  0.06    0.00    2.44 v output23/A (sky130_fd_sc_hd__buf_2)
     1    0.03    0.06    0.12    2.57 v output23/X (sky130_fd_sc_hd__buf_2)
                                         out[3] (net)
                  0.06    0.00    2.57 v out[3] (out)
                                  2.57   data arrival time

                  0.00    0.00    0.00   clock __VIRTUAL_CLK__ (rise edge)
                          0.00    0.00   clock network delay (ideal)
                          0.25    0.25   clock uncertainty
                          0.00    0.25   clock reconvergence pessimism
                         -2.00   -1.75   output external delay
                                 -1.75   data required time
-----------------------------------------------------------------------------
                                 -1.75   data required time
                                 -2.57   data arrival time
-----------------------------------------------------------------------------
                                  4.32   slack (MET)


Startpoint: A[4] (input port clocked by __VIRTUAL_CLK__)
Endpoint: out[4] (output port clocked by __VIRTUAL_CLK__)
Path Group: __VIRTUAL_CLK__
Path Type: min
Corner: Fastest

Fanout     Cap    Slew   Delay    Time   Description
-----------------------------------------------------------------------------
                  0.00    0.00    0.00   clock __VIRTUAL_CLK__ (rise edge)
                          0.00    0.00   clock network delay (ideal)
                          2.00    2.00 ^ input external delay
     1    0.01    0.02    0.01    2.01 ^ A[4] (in)
                                         A[4] (net)
                  0.02    0.00    2.01 ^ input5/A (sky130_fd_sc_hd__buf_6)
     4    0.06    0.10    0.10    2.12 ^ input5/X (sky130_fd_sc_hd__buf_6)
                                         net5 (net)
                  0.10    0.00    2.12 ^ _340_/A (sky130_fd_sc_hd__buf_8)
    10    0.12    0.15    0.15    2.27 ^ _340_/X (sky130_fd_sc_hd__buf_8)
                                         _019_ (net)
                  0.15    0.00    2.27 ^ _373_/A1_N (sky130_fd_sc_hd__o2bb2a_1)
     1    0.02    0.08    0.18    2.45 v _373_/X (sky130_fd_sc_hd__o2bb2a_1)
                                         net24 (net)
                  0.08    0.00    2.45 v output24/A (sky130_fd_sc_hd__buf_2)
     1    0.03    0.06    0.13    2.58 v output24/X (sky130_fd_sc_hd__buf_2)
                                         out[4] (net)
                  0.06    0.00    2.58 v out[4] (out)
                                  2.58   data arrival time

                  0.00    0.00    0.00   clock __VIRTUAL_CLK__ (rise edge)
                          0.00    0.00   clock network delay (ideal)
                          0.25    0.25   clock uncertainty
                          0.00    0.25   clock reconvergence pessimism
                         -2.00   -1.75   output external delay
                                 -1.75   data required time
-----------------------------------------------------------------------------
                                 -1.75   data required time
                                 -2.58   data arrival time
-----------------------------------------------------------------------------
                                  4.33   slack (MET)


Startpoint: A[1] (input port clocked by __VIRTUAL_CLK__)
Endpoint: out[1] (output port clocked by __VIRTUAL_CLK__)
Path Group: __VIRTUAL_CLK__
Path Type: min
Corner: Fastest

Fanout     Cap    Slew   Delay    Time   Description
-----------------------------------------------------------------------------
                  0.00    0.00    0.00   clock __VIRTUAL_CLK__ (rise edge)
                          0.00    0.00   clock network delay (ideal)
                          2.00    2.00 v input external delay
     1    0.00    0.01    0.00    2.00 v A[1] (in)
                                         A[1] (net)
                  0.01    0.00    2.00 v input2/A (sky130_fd_sc_hd__clkbuf_8)
    11    0.11    0.09    0.13    2.13 v input2/X (sky130_fd_sc_hd__clkbuf_8)
                                         net2 (net)
                  0.09    0.01    2.14 v _263_/A (sky130_fd_sc_hd__buf_4)
    11    0.09    0.09    0.17    2.31 v _263_/X (sky130_fd_sc_hd__buf_4)
                                         _193_ (net)
                  0.09    0.00    2.31 v _287_/A1_N (sky130_fd_sc_hd__o2bb2a_1)
     1    0.00    0.04    0.16    2.47 ^ _287_/X (sky130_fd_sc_hd__o2bb2a_1)
                                         net21 (net)
                  0.04    0.00    2.47 ^ output21/A (sky130_fd_sc_hd__buf_2)
     1    0.03    0.13    0.13    2.60 ^ output21/X (sky130_fd_sc_hd__buf_2)
                                         out[1] (net)
                  0.13    0.00    2.60 ^ out[1] (out)
                                  2.60   data arrival time

                  0.00    0.00    0.00   clock __VIRTUAL_CLK__ (rise edge)
                          0.00    0.00   clock network delay (ideal)
                          0.25    0.25   clock uncertainty
                          0.00    0.25   clock reconvergence pessimism
                         -2.00   -1.75   output external delay
                                 -1.75   data required time
-----------------------------------------------------------------------------
                                 -1.75   data required time
                                 -2.60   data arrival time
-----------------------------------------------------------------------------
                                  4.35   slack (MET)


Startpoint: opcode[2] (input port clocked by __VIRTUAL_CLK__)
Endpoint: out[0] (output port clocked by __VIRTUAL_CLK__)
Path Group: __VIRTUAL_CLK__
Path Type: min
Corner: Fastest

Fanout     Cap    Slew   Delay    Time   Description
-----------------------------------------------------------------------------
                  0.00    0.00    0.00   clock __VIRTUAL_CLK__ (rise edge)
                          0.00    0.00   clock network delay (ideal)
                          2.00    2.00 ^ input external delay
     1    0.00    0.02    0.01    2.01 ^ opcode[2] (in)
                                         opcode[2] (net)
                  0.02    0.00    2.01 ^ input19/A (sky130_fd_sc_hd__clkbuf_8)
     7    0.09    0.13    0.14    2.15 ^ input19/X (sky130_fd_sc_hd__clkbuf_8)
                                         net19 (net)
                  0.13    0.01    2.16 ^ _250_/A (sky130_fd_sc_hd__or2_2)
     3    0.04    0.16    0.18    2.34 ^ _250_/X (sky130_fd_sc_hd__or2_2)
                                         _181_ (net)
                  0.16    0.00    2.34 ^ _262_/A2_N (sky130_fd_sc_hd__a2bb2o_1)
     1    0.02    0.08    0.17    2.51 v _262_/X (sky130_fd_sc_hd__a2bb2o_1)
                                         net20 (net)
                  0.08    0.00    2.51 v output20/A (sky130_fd_sc_hd__buf_2)
     1    0.03    0.06    0.13    2.64 v output20/X (sky130_fd_sc_hd__buf_2)
                                         out[0] (net)
                  0.06    0.00    2.64 v out[0] (out)
                                  2.64   data arrival time

                  0.00    0.00    0.00   clock __VIRTUAL_CLK__ (rise edge)
                          0.00    0.00   clock network delay (ideal)
                          0.25    0.25   clock uncertainty
                          0.00    0.25   clock reconvergence pessimism
                         -2.00   -1.75   output external delay
                                 -1.75   data required time
-----------------------------------------------------------------------------
                                 -1.75   data required time
                                 -2.64   data arrival time
-----------------------------------------------------------------------------
                                  4.39   slack (MET)


Startpoint: A[2] (input port clocked by __VIRTUAL_CLK__)
Endpoint: out[2] (output port clocked by __VIRTUAL_CLK__)
Path Group: __VIRTUAL_CLK__
Path Type: min
Corner: Fastest

Fanout     Cap    Slew   Delay    Time   Description
-----------------------------------------------------------------------------
                  0.00    0.00    0.00   clock __VIRTUAL_CLK__ (rise edge)
                          0.00    0.00   clock network delay (ideal)
                          2.00    2.00 ^ input external delay
     1    0.00    0.02    0.01    2.01 ^ A[2] (in)
                                         A[2] (net)
                  0.02    0.00    2.01 ^ input3/A (sky130_fd_sc_hd__clkbuf_8)
     9    0.12    0.16    0.16    2.17 ^ input3/X (sky130_fd_sc_hd__clkbuf_8)
                                         net3 (net)
                  0.16    0.01    2.18 ^ _288_/A (sky130_fd_sc_hd__clkbuf_8)
    10    0.11    0.15    0.18    2.36 ^ _288_/X (sky130_fd_sc_hd__clkbuf_8)
                                         _217_ (net)
                  0.15    0.01    2.37 ^ _309_/A1_N (sky130_fd_sc_hd__o2bb2a_1)
     1    0.02    0.09    0.19    2.56 v _309_/X (sky130_fd_sc_hd__o2bb2a_1)
                                         net22 (net)
                  0.09    0.00    2.56 v output22/A (sky130_fd_sc_hd__buf_2)
     1    0.03    0.06    0.13    2.70 v output22/X (sky130_fd_sc_hd__buf_2)
                                         out[2] (net)
                  0.06    0.00    2.70 v out[2] (out)
                                  2.70   data arrival time

                  0.00    0.00    0.00   clock __VIRTUAL_CLK__ (rise edge)
                          0.00    0.00   clock network delay (ideal)
                          0.25    0.25   clock uncertainty
                          0.00    0.25   clock reconvergence pessimism
                         -2.00   -1.75   output external delay
                                 -1.75   data required time
-----------------------------------------------------------------------------
                                 -1.75   data required time
                                 -2.70   data arrival time
-----------------------------------------------------------------------------
                                  4.45   slack (MET)



worst slack corner Fastest: 4.1307
======================= Slowest Corner ===================================

Startpoint: A[6] (input port clocked by __VIRTUAL_CLK__)
Endpoint: out[6] (output port clocked by __VIRTUAL_CLK__)
Path Group: __VIRTUAL_CLK__
Path Type: min
Corner: Slowest

Fanout     Cap    Slew   Delay    Time   Description
-----------------------------------------------------------------------------
                  0.00    0.00    0.00   clock __VIRTUAL_CLK__ (rise edge)
                          0.00    0.00   clock network delay (ideal)
                          2.00    2.00 ^ input external delay
     1    0.01    0.07    0.04    2.04 ^ A[6] (in)
                                         A[6] (net)
                  0.07    0.00    2.04 ^ input7/A (sky130_fd_sc_hd__buf_8)
    10    0.12    0.32    0.33    2.37 ^ input7/X (sky130_fd_sc_hd__buf_8)
                                         net7 (net)
                  0.32    0.02    2.39 ^ _453_/A1 (sky130_fd_sc_hd__a22oi_4)
     1    0.05    0.25    0.35    2.74 v _453_/Y (sky130_fd_sc_hd__a22oi_4)
                                         net26 (net)
                  0.25    0.00    2.74 v output26/A (sky130_fd_sc_hd__buf_6)
     1    0.03    0.08    0.32    3.06 v output26/X (sky130_fd_sc_hd__buf_6)
                                         out[6] (net)
                  0.08    0.00    3.06 v out[6] (out)
                                  3.06   data arrival time

                  0.00    0.00    0.00   clock __VIRTUAL_CLK__ (rise edge)
                          0.00    0.00   clock network delay (ideal)
                          0.25    0.25   clock uncertainty
                          0.00    0.25   clock reconvergence pessimism
                         -2.00   -1.75   output external delay
                                 -1.75   data required time
-----------------------------------------------------------------------------
                                 -1.75   data required time
                                 -3.06   data arrival time
-----------------------------------------------------------------------------
                                  4.81   slack (MET)


Startpoint: A[7] (input port clocked by __VIRTUAL_CLK__)
Endpoint: out[7] (output port clocked by __VIRTUAL_CLK__)
Path Group: __VIRTUAL_CLK__
Path Type: min
Corner: Slowest

Fanout     Cap    Slew   Delay    Time   Description
-----------------------------------------------------------------------------
                  0.00    0.00    0.00   clock __VIRTUAL_CLK__ (rise edge)
                          0.00    0.00   clock network delay (ideal)
                          2.00    2.00 v input external delay
     1    0.00    0.02    0.01    2.01 v A[7] (in)
                                         A[7] (net)
                  0.02    0.00    2.01 v input8/A (sky130_fd_sc_hd__buf_4)
     7    0.07    0.18    0.33    2.34 v input8/X (sky130_fd_sc_hd__buf_4)
                                         net8 (net)
                  0.18    0.01    2.34 v _502_/A (sky130_fd_sc_hd__inv_2)
     1    0.01    0.12    0.16    2.51 ^ _502_/Y (sky130_fd_sc_hd__inv_2)
                                         _179_ (net)
                  0.12    0.00    2.51 ^ _503_/B2 (sky130_fd_sc_hd__o32a_4)
     1    0.03    0.16    0.37    2.88 ^ _503_/X (sky130_fd_sc_hd__o32a_4)
                                         net27 (net)
                  0.16    0.00    2.88 ^ output27/A (sky130_fd_sc_hd__buf_8)
     1    0.03    0.10    0.23    3.11 ^ output27/X (sky130_fd_sc_hd__buf_8)
                                         out[7] (net)
                  0.10    0.00    3.11 ^ out[7] (out)
                                  3.11   data arrival time

                  0.00    0.00    0.00   clock __VIRTUAL_CLK__ (rise edge)
                          0.00    0.00   clock network delay (ideal)
                          0.25    0.25   clock uncertainty
                          0.00    0.25   clock reconvergence pessimism
                         -2.00   -1.75   output external delay
                                 -1.75   data required time
-----------------------------------------------------------------------------
                                 -1.75   data required time
                                 -3.11   data arrival time
-----------------------------------------------------------------------------
                                  4.86   slack (MET)


Startpoint: A[5] (input port clocked by __VIRTUAL_CLK__)
Endpoint: out[5] (output port clocked by __VIRTUAL_CLK__)
Path Group: __VIRTUAL_CLK__
Path Type: min
Corner: Slowest

Fanout     Cap    Slew   Delay    Time   Description
-----------------------------------------------------------------------------
                  0.00    0.00    0.00   clock __VIRTUAL_CLK__ (rise edge)
                          0.00    0.00   clock network delay (ideal)
                          2.00    2.00 ^ input external delay
     1    0.00    0.03    0.02    2.02 ^ A[5] (in)
                                         A[5] (net)
                  0.03    0.00    2.02 ^ input6/A (sky130_fd_sc_hd__clkbuf_4)
     3    0.06    0.30    0.38    2.39 ^ input6/X (sky130_fd_sc_hd__clkbuf_4)
                                         net6 (net)
                  0.30    0.01    2.40 ^ _374_/A (sky130_fd_sc_hd__buf_12)
    10    0.12    0.22    0.37    2.77 ^ _374_/X (sky130_fd_sc_hd__buf_12)
                                         _052_ (net)
                  0.22    0.01    2.78 ^ _410_/A1 (sky130_fd_sc_hd__a21oi_1)
     1    0.00    0.09    0.18    2.95 v _410_/Y (sky130_fd_sc_hd__a21oi_1)
                                         net25 (net)
                  0.09    0.00    2.95 v output25/A (sky130_fd_sc_hd__buf_2)
     1    0.03    0.16    0.34    3.29 v output25/X (sky130_fd_sc_hd__buf_2)
                                         out[5] (net)
                  0.16    0.00    3.29 v out[5] (out)
                                  3.29   data arrival time

                  0.00    0.00    0.00   clock __VIRTUAL_CLK__ (rise edge)
                          0.00    0.00   clock network delay (ideal)
                          0.25    0.25   clock uncertainty
                          0.00    0.25   clock reconvergence pessimism
                         -2.00   -1.75   output external delay
                                 -1.75   data required time
-----------------------------------------------------------------------------
                                 -1.75   data required time
                                 -3.29   data arrival time
-----------------------------------------------------------------------------
                                  5.04   slack (MET)


Startpoint: A[3] (input port clocked by __VIRTUAL_CLK__)
Endpoint: out[3] (output port clocked by __VIRTUAL_CLK__)
Path Group: __VIRTUAL_CLK__
Path Type: min
Corner: Slowest

Fanout     Cap    Slew   Delay    Time   Description
-----------------------------------------------------------------------------
                  0.00    0.00    0.00   clock __VIRTUAL_CLK__ (rise edge)
                          0.00    0.00   clock network delay (ideal)
                          2.00    2.00 v input external delay
     1    0.01    0.03    0.02    2.02 v A[3] (in)
                                         A[3] (net)
                  0.03    0.00    2.02 v input4/A (sky130_fd_sc_hd__buf_6)
     7    0.08    0.13    0.26    2.27 v input4/X (sky130_fd_sc_hd__buf_6)
                                         net4 (net)
                  0.13    0.01    2.28 v _310_/A (sky130_fd_sc_hd__buf_12)
    11    0.12    0.12    0.31    2.59 v _310_/X (sky130_fd_sc_hd__buf_12)
                                         _238_ (net)
                  0.12    0.01    2.60 v _339_/A1_N (sky130_fd_sc_hd__o2bb2a_1)
     1    0.02    0.25    0.59    3.19 ^ _339_/X (sky130_fd_sc_hd__o2bb2a_1)
                                         net23 (net)
                  0.25    0.00    3.19 ^ output23/A (sky130_fd_sc_hd__buf_2)
     1    0.03    0.27    0.40    3.60 ^ output23/X (sky130_fd_sc_hd__buf_2)
                                         out[3] (net)
                  0.27    0.00    3.60 ^ out[3] (out)
                                  3.60   data arrival time

                  0.00    0.00    0.00   clock __VIRTUAL_CLK__ (rise edge)
                          0.00    0.00   clock network delay (ideal)
                          0.25    0.25   clock uncertainty
                          0.00    0.25   clock reconvergence pessimism
                         -2.00   -1.75   output external delay
                                 -1.75   data required time
-----------------------------------------------------------------------------
                                 -1.75   data required time
                                 -3.60   data arrival time
-----------------------------------------------------------------------------
                                  5.35   slack (MET)


Startpoint: A[1] (input port clocked by __VIRTUAL_CLK__)
Endpoint: out[1] (output port clocked by __VIRTUAL_CLK__)
Path Group: __VIRTUAL_CLK__
Path Type: min
Corner: Slowest

Fanout     Cap    Slew   Delay    Time   Description
-----------------------------------------------------------------------------
                  0.00    0.00    0.00   clock __VIRTUAL_CLK__ (rise edge)
                          0.00    0.00   clock network delay (ideal)
                          2.00    2.00 v input external delay
     1    0.00    0.02    0.01    2.01 v A[1] (in)
                                         A[1] (net)
                  0.02    0.00    2.01 v input2/A (sky130_fd_sc_hd__clkbuf_8)
    11    0.11    0.22    0.34    2.35 v input2/X (sky130_fd_sc_hd__clkbuf_8)
                                         net2 (net)
                  0.22    0.01    2.36 v _263_/A (sky130_fd_sc_hd__buf_4)
    11    0.09    0.22    0.45    2.81 v _263_/X (sky130_fd_sc_hd__buf_4)
                                         _193_ (net)
                  0.22    0.00    2.82 v _287_/A1_N (sky130_fd_sc_hd__o2bb2a_1)
     1    0.00    0.09    0.51    3.33 ^ _287_/X (sky130_fd_sc_hd__o2bb2a_1)
                                         net21 (net)
                  0.09    0.00    3.33 ^ output21/A (sky130_fd_sc_hd__buf_2)
     1    0.03    0.27    0.33    3.66 ^ output21/X (sky130_fd_sc_hd__buf_2)
                                         out[1] (net)
                  0.27    0.00    3.66 ^ out[1] (out)
                                  3.66   data arrival time

                  0.00    0.00    0.00   clock __VIRTUAL_CLK__ (rise edge)
                          0.00    0.00   clock network delay (ideal)
                          0.25    0.25   clock uncertainty
                          0.00    0.25   clock reconvergence pessimism
                         -2.00   -1.75   output external delay
                                 -1.75   data required time
-----------------------------------------------------------------------------
                                 -1.75   data required time
                                 -3.66   data arrival time
-----------------------------------------------------------------------------
                                  5.41   slack (MET)


Startpoint: A[4] (input port clocked by __VIRTUAL_CLK__)
Endpoint: out[4] (output port clocked by __VIRTUAL_CLK__)
Path Group: __VIRTUAL_CLK__
Path Type: min
Corner: Slowest

Fanout     Cap    Slew   Delay    Time   Description
-----------------------------------------------------------------------------
                  0.00    0.00    0.00   clock __VIRTUAL_CLK__ (rise edge)
                          0.00    0.00   clock network delay (ideal)
                          2.00    2.00 v input external delay
     1    0.01    0.03    0.02    2.02 v A[4] (in)
                                         A[4] (net)
                  0.03    0.00    2.02 v input5/A (sky130_fd_sc_hd__buf_6)
     4    0.06    0.11    0.24    2.26 v input5/X (sky130_fd_sc_hd__buf_6)
                                         net5 (net)
                  0.11    0.00    2.26 v _340_/A (sky130_fd_sc_hd__buf_8)
    10    0.12    0.15    0.31    2.58 v _340_/X (sky130_fd_sc_hd__buf_8)
                                         _019_ (net)
                  0.15    0.00    2.58 v _373_/A1_N (sky130_fd_sc_hd__o2bb2a_1)
     1    0.02    0.32    0.65    3.23 ^ _373_/X (sky130_fd_sc_hd__o2bb2a_1)
                                         net24 (net)
                  0.32    0.00    3.24 ^ output24/A (sky130_fd_sc_hd__buf_2)
     1    0.03    0.27    0.43    3.66 ^ output24/X (sky130_fd_sc_hd__buf_2)
                                         out[4] (net)
                  0.27    0.00    3.66 ^ out[4] (out)
                                  3.66   data arrival time

                  0.00    0.00    0.00   clock __VIRTUAL_CLK__ (rise edge)
                          0.00    0.00   clock network delay (ideal)
                          0.25    0.25   clock uncertainty
                          0.00    0.25   clock reconvergence pessimism
                         -2.00   -1.75   output external delay
                                 -1.75   data required time
-----------------------------------------------------------------------------
                                 -1.75   data required time
                                 -3.66   data arrival time
-----------------------------------------------------------------------------
                                  5.41   slack (MET)


Startpoint: A[0] (input port clocked by __VIRTUAL_CLK__)
Endpoint: out[0] (output port clocked by __VIRTUAL_CLK__)
Path Group: __VIRTUAL_CLK__
Path Type: min
Corner: Slowest

Fanout     Cap    Slew   Delay    Time   Description
-----------------------------------------------------------------------------
                  0.00    0.00    0.00   clock __VIRTUAL_CLK__ (rise edge)
                          0.00    0.00   clock network delay (ideal)
                          2.00    2.00 v input external delay
     1    0.00    0.02    0.01    2.01 v A[0] (in)
                                         A[0] (net)
                  0.02    0.00    2.01 v input1/A (sky130_fd_sc_hd__buf_4)
     9    0.08    0.20    0.34    2.35 v input1/X (sky130_fd_sc_hd__buf_4)
                                         net1 (net)
                  0.20    0.01    2.35 v _248_/A (sky130_fd_sc_hd__clkbuf_8)
    11    0.11    0.22    0.42    2.78 v _248_/X (sky130_fd_sc_hd__clkbuf_8)
                                         _176_ (net)
                  0.22    0.00    2.78 v _262_/A1_N (sky130_fd_sc_hd__a2bb2o_1)
     1    0.02    0.33    0.72    3.50 ^ _262_/X (sky130_fd_sc_hd__a2bb2o_1)
                                         net20 (net)
                  0.33    0.00    3.51 ^ output20/A (sky130_fd_sc_hd__buf_2)
     1    0.03    0.27    0.43    3.94 ^ output20/X (sky130_fd_sc_hd__buf_2)
                                         out[0] (net)
                  0.27    0.00    3.94 ^ out[0] (out)
                                  3.94   data arrival time

                  0.00    0.00    0.00   clock __VIRTUAL_CLK__ (rise edge)
                          0.00    0.00   clock network delay (ideal)
                          0.25    0.25   clock uncertainty
                          0.00    0.25   clock reconvergence pessimism
                         -2.00   -1.75   output external delay
                                 -1.75   data required time
-----------------------------------------------------------------------------
                                 -1.75   data required time
                                 -3.94   data arrival time
-----------------------------------------------------------------------------
                                  5.69   slack (MET)


Startpoint: A[2] (input port clocked by __VIRTUAL_CLK__)
Endpoint: out[2] (output port clocked by __VIRTUAL_CLK__)
Path Group: __VIRTUAL_CLK__
Path Type: min
Corner: Slowest

Fanout     Cap    Slew   Delay    Time   Description
-----------------------------------------------------------------------------
                  0.00    0.00    0.00   clock __VIRTUAL_CLK__ (rise edge)
                          0.00    0.00   clock network delay (ideal)
                          2.00    2.00 v input external delay
     1    0.00    0.02    0.01    2.01 v A[2] (in)
                                         A[2] (net)
                  0.02    0.00    2.01 v input3/A (sky130_fd_sc_hd__clkbuf_8)
     9    0.12    0.22    0.35    2.36 v input3/X (sky130_fd_sc_hd__clkbuf_8)
                                         net3 (net)
                  0.22    0.01    2.37 v _288_/A (sky130_fd_sc_hd__clkbuf_8)
    10    0.11    0.21    0.43    2.80 v _288_/X (sky130_fd_sc_hd__clkbuf_8)
                                         _217_ (net)
                  0.21    0.01    2.80 v _309_/A1_N (sky130_fd_sc_hd__o2bb2a_1)
     1    0.02    0.38    0.73    3.53 ^ _309_/X (sky130_fd_sc_hd__o2bb2a_1)
                                         net22 (net)
                  0.38    0.00    3.53 ^ output22/A (sky130_fd_sc_hd__buf_2)
     1    0.03    0.27    0.45    3.98 ^ output22/X (sky130_fd_sc_hd__buf_2)
                                         out[2] (net)
                  0.27    0.00    3.98 ^ out[2] (out)
                                  3.98   data arrival time

                  0.00    0.00    0.00   clock __VIRTUAL_CLK__ (rise edge)
                          0.00    0.00   clock network delay (ideal)
                          0.25    0.25   clock uncertainty
                          0.00    0.25   clock reconvergence pessimism
                         -2.00   -1.75   output external delay
                                 -1.75   data required time
-----------------------------------------------------------------------------
                                 -1.75   data required time
                                 -3.98   data arrival time
-----------------------------------------------------------------------------
                                  5.73   slack (MET)



worst slack corner Slowest: 4.8107
======================= Typical Corner ===================================

Startpoint: A[6] (input port clocked by __VIRTUAL_CLK__)
Endpoint: out[6] (output port clocked by __VIRTUAL_CLK__)
Path Group: __VIRTUAL_CLK__
Path Type: min
Corner: Typical

Fanout     Cap    Slew   Delay    Time   Description
-----------------------------------------------------------------------------
                  0.00    0.00    0.00   clock __VIRTUAL_CLK__ (rise edge)
                          0.00    0.00   clock network delay (ideal)
                          2.00    2.00 ^ input external delay
     1    0.01    0.04    0.03    2.03 ^ A[6] (in)
                                         A[6] (net)
                  0.04    0.00    2.03 ^ input7/A (sky130_fd_sc_hd__buf_8)
    10    0.12    0.20    0.19    2.22 ^ input7/X (sky130_fd_sc_hd__buf_8)
                                         net7 (net)
                  0.21    0.02    2.23 ^ _453_/A1 (sky130_fd_sc_hd__a22oi_4)
     1    0.05    0.13    0.18    2.41 v _453_/Y (sky130_fd_sc_hd__a22oi_4)
                                         net26 (net)
                  0.13    0.00    2.41 v output26/A (sky130_fd_sc_hd__buf_6)
     1    0.03    0.04    0.17    2.58 v output26/X (sky130_fd_sc_hd__buf_6)
                                         out[6] (net)
                  0.04    0.00    2.58 v out[6] (out)
                                  2.58   data arrival time

                  0.00    0.00    0.00   clock __VIRTUAL_CLK__ (rise edge)
                          0.00    0.00   clock network delay (ideal)
                          0.25    0.25   clock uncertainty
                          0.00    0.25   clock reconvergence pessimism
                         -2.00   -1.75   output external delay
                                 -1.75   data required time
-----------------------------------------------------------------------------
                                 -1.75   data required time
                                 -2.58   data arrival time
-----------------------------------------------------------------------------
                                  4.33   slack (MET)


Startpoint: A[7] (input port clocked by __VIRTUAL_CLK__)
Endpoint: out[7] (output port clocked by __VIRTUAL_CLK__)
Path Group: __VIRTUAL_CLK__
Path Type: min
Corner: Typical

Fanout     Cap    Slew   Delay    Time   Description
-----------------------------------------------------------------------------
                  0.00    0.00    0.00   clock __VIRTUAL_CLK__ (rise edge)
                          0.00    0.00   clock network delay (ideal)
                          2.00    2.00 v input external delay
     1    0.00    0.01    0.00    2.00 v A[7] (in)
                                         A[7] (net)
                  0.01    0.00    2.00 v input8/A (sky130_fd_sc_hd__buf_4)
     7    0.07    0.10    0.18    2.18 v input8/X (sky130_fd_sc_hd__buf_4)
                                         net8 (net)
                  0.10    0.01    2.19 v _502_/A (sky130_fd_sc_hd__inv_2)
     1    0.01    0.07    0.09    2.28 ^ _502_/Y (sky130_fd_sc_hd__inv_2)
                                         _179_ (net)
                  0.07    0.00    2.28 ^ _503_/B2 (sky130_fd_sc_hd__o32a_4)
     1    0.03    0.10    0.19    2.48 ^ _503_/X (sky130_fd_sc_hd__o32a_4)
                                         net27 (net)
                  0.10    0.00    2.48 ^ output27/A (sky130_fd_sc_hd__buf_8)
     1    0.03    0.07    0.13    2.61 ^ output27/X (sky130_fd_sc_hd__buf_8)
                                         out[7] (net)
                  0.07    0.00    2.61 ^ out[7] (out)
                                  2.61   data arrival time

                  0.00    0.00    0.00   clock __VIRTUAL_CLK__ (rise edge)
                          0.00    0.00   clock network delay (ideal)
                          0.25    0.25   clock uncertainty
                          0.00    0.25   clock reconvergence pessimism
                         -2.00   -1.75   output external delay
                                 -1.75   data required time
-----------------------------------------------------------------------------
                                 -1.75   data required time
                                 -2.61   data arrival time
-----------------------------------------------------------------------------
                                  4.36   slack (MET)


Startpoint: A[5] (input port clocked by __VIRTUAL_CLK__)
Endpoint: out[5] (output port clocked by __VIRTUAL_CLK__)
Path Group: __VIRTUAL_CLK__
Path Type: min
Corner: Typical

Fanout     Cap    Slew   Delay    Time   Description
-----------------------------------------------------------------------------
                  0.00    0.00    0.00   clock __VIRTUAL_CLK__ (rise edge)
                          0.00    0.00   clock network delay (ideal)
                          2.00    2.00 ^ input external delay
     1    0.00    0.02    0.01    2.01 ^ A[5] (in)
                                         A[5] (net)
                  0.02    0.00    2.01 ^ input6/A (sky130_fd_sc_hd__clkbuf_4)
     3    0.06    0.19    0.22    2.23 ^ input6/X (sky130_fd_sc_hd__clkbuf_4)
                                         net6 (net)
                  0.19    0.01    2.24 ^ _374_/A (sky130_fd_sc_hd__buf_12)
    10    0.12    0.14    0.20    2.44 ^ _374_/X (sky130_fd_sc_hd__buf_12)
                                         _052_ (net)
                  0.14    0.01    2.44 ^ _410_/A1 (sky130_fd_sc_hd__a21oi_1)
     1    0.00    0.06    0.08    2.52 v _410_/Y (sky130_fd_sc_hd__a21oi_1)
                                         net25 (net)
                  0.06    0.00    2.52 v output25/A (sky130_fd_sc_hd__buf_2)
     1    0.03    0.09    0.18    2.70 v output25/X (sky130_fd_sc_hd__buf_2)
                                         out[5] (net)
                  0.09    0.00    2.70 v out[5] (out)
                                  2.70   data arrival time

                  0.00    0.00    0.00   clock __VIRTUAL_CLK__ (rise edge)
                          0.00    0.00   clock network delay (ideal)
                          0.25    0.25   clock uncertainty
                          0.00    0.25   clock reconvergence pessimism
                         -2.00   -1.75   output external delay
                                 -1.75   data required time
-----------------------------------------------------------------------------
                                 -1.75   data required time
                                 -2.70   data arrival time
-----------------------------------------------------------------------------
                                  4.45   slack (MET)


Startpoint: A[3] (input port clocked by __VIRTUAL_CLK__)
Endpoint: out[3] (output port clocked by __VIRTUAL_CLK__)
Path Group: __VIRTUAL_CLK__
Path Type: min
Corner: Typical

Fanout     Cap    Slew   Delay    Time   Description
-----------------------------------------------------------------------------
                  0.00    0.00    0.00   clock __VIRTUAL_CLK__ (rise edge)
                          0.00    0.00   clock network delay (ideal)
                          2.00    2.00 ^ input external delay
     1    0.01    0.03    0.02    2.02 ^ A[3] (in)
                                         A[3] (net)
                  0.03    0.00    2.02 ^ input4/A (sky130_fd_sc_hd__buf_6)
     7    0.08    0.16    0.17    2.19 ^ input4/X (sky130_fd_sc_hd__buf_6)
                                         net4 (net)
                  0.16    0.01    2.19 ^ _310_/A (sky130_fd_sc_hd__buf_12)
    11    0.12    0.14    0.19    2.39 ^ _310_/X (sky130_fd_sc_hd__buf_12)
                                         _238_ (net)
                  0.14    0.01    2.40 ^ _339_/A1_N (sky130_fd_sc_hd__o2bb2a_1)
     1    0.02    0.10    0.28    2.68 v _339_/X (sky130_fd_sc_hd__o2bb2a_1)
                                         net23 (net)
                  0.10    0.00    2.68 v output23/A (sky130_fd_sc_hd__buf_2)
     1    0.03    0.09    0.19    2.87 v output23/X (sky130_fd_sc_hd__buf_2)
                                         out[3] (net)
                  0.09    0.00    2.87 v out[3] (out)
                                  2.87   data arrival time

                  0.00    0.00    0.00   clock __VIRTUAL_CLK__ (rise edge)
                          0.00    0.00   clock network delay (ideal)
                          0.25    0.25   clock uncertainty
                          0.00    0.25   clock reconvergence pessimism
                         -2.00   -1.75   output external delay
                                 -1.75   data required time
-----------------------------------------------------------------------------
                                 -1.75   data required time
                                 -2.87   data arrival time
-----------------------------------------------------------------------------
                                  4.62   slack (MET)


Startpoint: A[4] (input port clocked by __VIRTUAL_CLK__)
Endpoint: out[4] (output port clocked by __VIRTUAL_CLK__)
Path Group: __VIRTUAL_CLK__
Path Type: min
Corner: Typical

Fanout     Cap    Slew   Delay    Time   Description
-----------------------------------------------------------------------------
                  0.00    0.00    0.00   clock __VIRTUAL_CLK__ (rise edge)
                          0.00    0.00   clock network delay (ideal)
                          2.00    2.00 ^ input external delay
     1    0.01    0.03    0.02    2.02 ^ A[4] (in)
                                         A[4] (net)
                  0.03    0.00    2.02 ^ input5/A (sky130_fd_sc_hd__buf_6)
     4    0.06    0.13    0.15    2.17 ^ input5/X (sky130_fd_sc_hd__buf_6)
                                         net5 (net)
                  0.13    0.00    2.17 ^ _340_/A (sky130_fd_sc_hd__buf_8)
    10    0.12    0.19    0.22    2.39 ^ _340_/X (sky130_fd_sc_hd__buf_8)
                                         _019_ (net)
                  0.19    0.00    2.39 ^ _373_/A1_N (sky130_fd_sc_hd__o2bb2a_1)
     1    0.02    0.12    0.30    2.69 v _373_/X (sky130_fd_sc_hd__o2bb2a_1)
                                         net24 (net)
                  0.12    0.00    2.69 v output24/A (sky130_fd_sc_hd__buf_2)
     1    0.03    0.09    0.20    2.90 v output24/X (sky130_fd_sc_hd__buf_2)
                                         out[4] (net)
                  0.09    0.00    2.90 v out[4] (out)
                                  2.90   data arrival time

                  0.00    0.00    0.00   clock __VIRTUAL_CLK__ (rise edge)
                          0.00    0.00   clock network delay (ideal)
                          0.25    0.25   clock uncertainty
                          0.00    0.25   clock reconvergence pessimism
                         -2.00   -1.75   output external delay
                                 -1.75   data required time
-----------------------------------------------------------------------------
                                 -1.75   data required time
                                 -2.90   data arrival time
-----------------------------------------------------------------------------
                                  4.65   slack (MET)


Startpoint: A[1] (input port clocked by __VIRTUAL_CLK__)
Endpoint: out[1] (output port clocked by __VIRTUAL_CLK__)
Path Group: __VIRTUAL_CLK__
Path Type: min
Corner: Typical

Fanout     Cap    Slew   Delay    Time   Description
-----------------------------------------------------------------------------
                  0.00    0.00    0.00   clock __VIRTUAL_CLK__ (rise edge)
                          0.00    0.00   clock network delay (ideal)
                          2.00    2.00 v input external delay
     1    0.00    0.01    0.01    2.01 v A[1] (in)
                                         A[1] (net)
                  0.01    0.00    2.01 v input2/A (sky130_fd_sc_hd__clkbuf_8)
    11    0.11    0.12    0.19    2.20 v input2/X (sky130_fd_sc_hd__clkbuf_8)
                                         net2 (net)
                  0.13    0.01    2.21 v _263_/A (sky130_fd_sc_hd__buf_4)
    11    0.09    0.12    0.25    2.45 v _263_/X (sky130_fd_sc_hd__buf_4)
                                         _193_ (net)
                  0.12    0.00    2.45 v _287_/A1_N (sky130_fd_sc_hd__o2bb2a_1)
     1    0.00    0.05    0.26    2.71 ^ _287_/X (sky130_fd_sc_hd__o2bb2a_1)
                                         net21 (net)
                  0.05    0.00    2.71 ^ output21/A (sky130_fd_sc_hd__buf_2)
     1    0.03    0.17    0.19    2.90 ^ output21/X (sky130_fd_sc_hd__buf_2)
                                         out[1] (net)
                  0.17    0.00    2.90 ^ out[1] (out)
                                  2.90   data arrival time

                  0.00    0.00    0.00   clock __VIRTUAL_CLK__ (rise edge)
                          0.00    0.00   clock network delay (ideal)
                          0.25    0.25   clock uncertainty
                          0.00    0.25   clock reconvergence pessimism
                         -2.00   -1.75   output external delay
                                 -1.75   data required time
-----------------------------------------------------------------------------
                                 -1.75   data required time
                                 -2.90   data arrival time
-----------------------------------------------------------------------------
                                  4.65   slack (MET)


Startpoint: A[0] (input port clocked by __VIRTUAL_CLK__)
Endpoint: out[0] (output port clocked by __VIRTUAL_CLK__)
Path Group: __VIRTUAL_CLK__
Path Type: min
Corner: Typical

Fanout     Cap    Slew   Delay    Time   Description
-----------------------------------------------------------------------------
                  0.00    0.00    0.00   clock __VIRTUAL_CLK__ (rise edge)
                          0.00    0.00   clock network delay (ideal)
                          2.00    2.00 v input external delay
     1    0.00    0.01    0.00    2.00 v A[0] (in)
                                         A[0] (net)
                  0.01    0.00    2.00 v input1/A (sky130_fd_sc_hd__buf_4)
     9    0.08    0.11    0.18    2.19 v input1/X (sky130_fd_sc_hd__buf_4)
                                         net1 (net)
                  0.11    0.01    2.20 v _248_/A (sky130_fd_sc_hd__clkbuf_8)
    11    0.11    0.12    0.23    2.43 v _248_/X (sky130_fd_sc_hd__clkbuf_8)
                                         _176_ (net)
                  0.12    0.00    2.43 v _262_/A1_N (sky130_fd_sc_hd__a2bb2o_1)
     1    0.02    0.21    0.38    2.81 ^ _262_/X (sky130_fd_sc_hd__a2bb2o_1)
                                         net20 (net)
                  0.21    0.00    2.82 ^ output20/A (sky130_fd_sc_hd__buf_2)
     1    0.03    0.17    0.24    3.05 ^ output20/X (sky130_fd_sc_hd__buf_2)
                                         out[0] (net)
                  0.17    0.00    3.05 ^ out[0] (out)
                                  3.05   data arrival time

                  0.00    0.00    0.00   clock __VIRTUAL_CLK__ (rise edge)
                          0.00    0.00   clock network delay (ideal)
                          0.25    0.25   clock uncertainty
                          0.00    0.25   clock reconvergence pessimism
                         -2.00   -1.75   output external delay
                                 -1.75   data required time
-----------------------------------------------------------------------------
                                 -1.75   data required time
                                 -3.05   data arrival time
-----------------------------------------------------------------------------
                                  4.80   slack (MET)


Startpoint: A[2] (input port clocked by __VIRTUAL_CLK__)
Endpoint: out[2] (output port clocked by __VIRTUAL_CLK__)
Path Group: __VIRTUAL_CLK__
Path Type: min
Corner: Typical

Fanout     Cap    Slew   Delay    Time   Description
-----------------------------------------------------------------------------
                  0.00    0.00    0.00   clock __VIRTUAL_CLK__ (rise edge)
                          0.00    0.00   clock network delay (ideal)
                          2.00    2.00 ^ input external delay
     1    0.00    0.03    0.02    2.02 ^ A[2] (in)
                                         A[2] (net)
                  0.03    0.00    2.02 ^ input3/A (sky130_fd_sc_hd__clkbuf_8)
     9    0.12    0.21    0.23    2.24 ^ input3/X (sky130_fd_sc_hd__clkbuf_8)
                                         net3 (net)
                  0.21    0.01    2.25 ^ _288_/A (sky130_fd_sc_hd__clkbuf_8)
    10    0.11    0.20    0.28    2.53 ^ _288_/X (sky130_fd_sc_hd__clkbuf_8)
                                         _217_ (net)
                  0.20    0.01    2.53 ^ _309_/A1_N (sky130_fd_sc_hd__o2bb2a_1)
     1    0.02    0.13    0.32    2.85 v _309_/X (sky130_fd_sc_hd__o2bb2a_1)
                                         net22 (net)
                  0.13    0.00    2.85 v output22/A (sky130_fd_sc_hd__buf_2)
     1    0.03    0.09    0.21    3.06 v output22/X (sky130_fd_sc_hd__buf_2)
                                         out[2] (net)
                  0.09    0.00    3.06 v out[2] (out)
                                  3.06   data arrival time

                  0.00    0.00    0.00   clock __VIRTUAL_CLK__ (rise edge)
                          0.00    0.00   clock network delay (ideal)
                          0.25    0.25   clock uncertainty
                          0.00    0.25   clock reconvergence pessimism
                         -2.00   -1.75   output external delay
                                 -1.75   data required time
-----------------------------------------------------------------------------
                                 -1.75   data required time
                                 -3.06   data arrival time
-----------------------------------------------------------------------------
                                  4.81   slack (MET)



worst slack corner Typical: 4.3277
