
===========================================================================
report_checks -path_delay max (Setup)
============================================================================
======================= Typical Corner ===================================

Startpoint: B[1] (input port clocked by __VIRTUAL_CLK__)
Endpoint: out[7] (output port clocked by __VIRTUAL_CLK__)
Path Group: __VIRTUAL_CLK__
Path Type: max

Fanout     Cap    Slew   Delay    Time   Description
-----------------------------------------------------------------------------
                  0.00    0.00    0.00   clock __VIRTUAL_CLK__ (rise edge)
                          0.00    0.00   clock network delay (ideal)
                          2.00    2.00 v input external delay
     1    0.00    0.01    0.00    2.00 v B[1] (in)
                                         B[1] (net)
                  0.01    0.00    2.00 v input10/A (sky130_fd_sc_hd__clkbuf_2)
     4    0.02    0.09    0.15    2.15 v input10/X (sky130_fd_sc_hd__clkbuf_2)
                                         net10 (net)
                  0.09    0.00    2.15 v _266_/A (sky130_fd_sc_hd__buf_4)
    10    0.06    0.09    0.23    2.38 v _266_/X (sky130_fd_sc_hd__buf_4)
                                         _196_ (net)
                  0.09    0.00    2.38 v _383_/A1 (sky130_fd_sc_hd__a22o_2)
     3    0.02    0.07    0.30    2.68 v _383_/X (sky130_fd_sc_hd__a22o_2)
                                         _061_ (net)
                  0.07    0.00    2.69 v _385_/A2 (sky130_fd_sc_hd__a21o_1)
     2    0.01    0.07    0.24    2.92 v _385_/X (sky130_fd_sc_hd__a21o_1)
                                         _063_ (net)
                  0.07    0.00    2.92 v _389_/A1 (sky130_fd_sc_hd__a21o_1)
     3    0.02    0.09    0.23    3.15 v _389_/X (sky130_fd_sc_hd__a21o_1)
                                         _067_ (net)
                  0.09    0.00    3.15 v _395_/A2 (sky130_fd_sc_hd__a21o_1)
     3    0.02    0.09    0.26    3.41 v _395_/X (sky130_fd_sc_hd__a21o_1)
                                         _073_ (net)
                  0.09    0.00    3.41 v _398_/A (sky130_fd_sc_hd__and3_1)
     2    0.01    0.08    0.21    3.62 v _398_/X (sky130_fd_sc_hd__and3_1)
                                         _076_ (net)
                  0.08    0.00    3.62 v _401_/B (sky130_fd_sc_hd__or3_4)
     4    0.02    0.09    0.44    4.06 v _401_/X (sky130_fd_sc_hd__or3_4)
                                         _079_ (net)
                  0.09    0.00    4.06 v _465_/A2 (sky130_fd_sc_hd__a211o_1)
     2    0.01    0.07    0.35    4.41 v _465_/X (sky130_fd_sc_hd__a211o_1)
                                         _141_ (net)
                  0.07    0.00    4.41 v _494_/A (sky130_fd_sc_hd__or3_1)
     2    0.01    0.10    0.44    4.86 v _494_/X (sky130_fd_sc_hd__or3_1)
                                         _170_ (net)
                  0.10    0.00    4.86 v _496_/B (sky130_fd_sc_hd__and3_1)
     1    0.01    0.07    0.23    5.08 v _496_/X (sky130_fd_sc_hd__and3_1)
                                         _172_ (net)
                  0.07    0.00    5.08 v _498_/A1 (sky130_fd_sc_hd__o21a_1)
     1    0.01    0.05    0.21    5.30 v _498_/X (sky130_fd_sc_hd__o21a_1)
                                         _174_ (net)
                  0.05    0.00    5.30 v _503_/A2 (sky130_fd_sc_hd__o32a_1)
     1    0.00    0.05    0.34    5.64 v _503_/X (sky130_fd_sc_hd__o32a_1)
                                         net27 (net)
                  0.05    0.00    5.64 v output27/A (sky130_fd_sc_hd__buf_2)
     1    0.03    0.09    0.19    5.83 v output27/X (sky130_fd_sc_hd__buf_2)
                                         out[7] (net)
                  0.09    0.00    5.83 v out[7] (out)
                                  5.83   data arrival time

                  0.00   10.00   10.00   clock __VIRTUAL_CLK__ (rise edge)
                          0.00   10.00   clock network delay (ideal)
                         -0.25    9.75   clock uncertainty
                          0.00    9.75   clock reconvergence pessimism
                         -2.00    7.75   output external delay
                                  7.75   data required time
-----------------------------------------------------------------------------
                                  7.75   data required time
                                 -5.83   data arrival time
-----------------------------------------------------------------------------
                                  1.92   slack (MET)


Startpoint: B[1] (input port clocked by __VIRTUAL_CLK__)
Endpoint: out[6] (output port clocked by __VIRTUAL_CLK__)
Path Group: __VIRTUAL_CLK__
Path Type: max

Fanout     Cap    Slew   Delay    Time   Description
-----------------------------------------------------------------------------
                  0.00    0.00    0.00   clock __VIRTUAL_CLK__ (rise edge)
                          0.00    0.00   clock network delay (ideal)
                          2.00    2.00 v input external delay
     1    0.00    0.01    0.00    2.00 v B[1] (in)
                                         B[1] (net)
                  0.01    0.00    2.00 v input10/A (sky130_fd_sc_hd__clkbuf_2)
     4    0.02    0.09    0.15    2.15 v input10/X (sky130_fd_sc_hd__clkbuf_2)
                                         net10 (net)
                  0.09    0.00    2.15 v _266_/A (sky130_fd_sc_hd__buf_4)
    10    0.06    0.09    0.23    2.38 v _266_/X (sky130_fd_sc_hd__buf_4)
                                         _196_ (net)
                  0.09    0.00    2.38 v _383_/A1 (sky130_fd_sc_hd__a22o_2)
     3    0.02    0.07    0.30    2.68 v _383_/X (sky130_fd_sc_hd__a22o_2)
                                         _061_ (net)
                  0.07    0.00    2.69 v _385_/A2 (sky130_fd_sc_hd__a21o_1)
     2    0.01    0.07    0.24    2.92 v _385_/X (sky130_fd_sc_hd__a21o_1)
                                         _063_ (net)
                  0.07    0.00    2.92 v _389_/A1 (sky130_fd_sc_hd__a21o_1)
     3    0.02    0.09    0.23    3.15 v _389_/X (sky130_fd_sc_hd__a21o_1)
                                         _067_ (net)
                  0.09    0.00    3.15 v _395_/A2 (sky130_fd_sc_hd__a21o_1)
     3    0.02    0.09    0.26    3.41 v _395_/X (sky130_fd_sc_hd__a21o_1)
                                         _073_ (net)
                  0.09    0.00    3.41 v _398_/A (sky130_fd_sc_hd__and3_1)
     2    0.01    0.08    0.21    3.62 v _398_/X (sky130_fd_sc_hd__and3_1)
                                         _076_ (net)
                  0.08    0.00    3.62 v _401_/B (sky130_fd_sc_hd__or3_4)
     4    0.02    0.09    0.44    4.06 v _401_/X (sky130_fd_sc_hd__or3_4)
                                         _079_ (net)
                  0.09    0.00    4.06 v _437_/C1 (sky130_fd_sc_hd__o211a_1)
     2    0.01    0.06    0.15    4.22 v _437_/X (sky130_fd_sc_hd__o211a_1)
                                         _114_ (net)
                  0.06    0.00    4.22 v _439_/B (sky130_fd_sc_hd__or2_1)
     1    0.01    0.07    0.25    4.46 v _439_/X (sky130_fd_sc_hd__or2_1)
                                         _116_ (net)
                  0.07    0.00    4.46 v _440_/A2 (sky130_fd_sc_hd__a21bo_1)
     1    0.00    0.04    0.21    4.67 v _440_/X (sky130_fd_sc_hd__a21bo_1)
                                         _117_ (net)
                  0.04    0.00    4.67 v _441_/B (sky130_fd_sc_hd__or2_1)
     1    0.00    0.05    0.22    4.89 v _441_/X (sky130_fd_sc_hd__or2_1)
                                         _118_ (net)
                  0.05    0.00    4.89 v _453_/B1 (sky130_fd_sc_hd__a22oi_1)
     1    0.00    0.17    0.16    5.05 ^ _453_/Y (sky130_fd_sc_hd__a22oi_1)
                                         net26 (net)
                  0.17    0.00    5.05 ^ output26/A (sky130_fd_sc_hd__buf_2)
     1    0.03    0.17    0.25    5.30 ^ output26/X (sky130_fd_sc_hd__buf_2)
                                         out[6] (net)
                  0.17    0.00    5.30 ^ out[6] (out)
                                  5.30   data arrival time

                  0.00   10.00   10.00   clock __VIRTUAL_CLK__ (rise edge)
                          0.00   10.00   clock network delay (ideal)
                         -0.25    9.75   clock uncertainty
                          0.00    9.75   clock reconvergence pessimism
                         -2.00    7.75   output external delay
                                  7.75   data required time
-----------------------------------------------------------------------------
                                  7.75   data required time
                                 -5.30   data arrival time
-----------------------------------------------------------------------------
                                  2.45   slack (MET)


Startpoint: B[1] (input port clocked by __VIRTUAL_CLK__)
Endpoint: out[5] (output port clocked by __VIRTUAL_CLK__)
Path Group: __VIRTUAL_CLK__
Path Type: max

Fanout     Cap    Slew   Delay    Time   Description
-----------------------------------------------------------------------------
                  0.00    0.00    0.00   clock __VIRTUAL_CLK__ (rise edge)
                          0.00    0.00   clock network delay (ideal)
                          2.00    2.00 v input external delay
     1    0.00    0.01    0.00    2.00 v B[1] (in)
                                         B[1] (net)
                  0.01    0.00    2.00 v input10/A (sky130_fd_sc_hd__clkbuf_2)
     4    0.02    0.09    0.15    2.15 v input10/X (sky130_fd_sc_hd__clkbuf_2)
                                         net10 (net)
                  0.09    0.00    2.15 v _266_/A (sky130_fd_sc_hd__buf_4)
    10    0.06    0.09    0.23    2.38 v _266_/X (sky130_fd_sc_hd__buf_4)
                                         _196_ (net)
                  0.09    0.00    2.38 v _383_/A1 (sky130_fd_sc_hd__a22o_2)
     3    0.02    0.07    0.30    2.68 v _383_/X (sky130_fd_sc_hd__a22o_2)
                                         _061_ (net)
                  0.07    0.00    2.69 v _385_/A2 (sky130_fd_sc_hd__a21o_1)
     2    0.01    0.07    0.24    2.92 v _385_/X (sky130_fd_sc_hd__a21o_1)
                                         _063_ (net)
                  0.07    0.00    2.92 v _389_/A1 (sky130_fd_sc_hd__a21o_1)
     3    0.02    0.09    0.23    3.15 v _389_/X (sky130_fd_sc_hd__a21o_1)
                                         _067_ (net)
                  0.09    0.00    3.15 v _395_/A2 (sky130_fd_sc_hd__a21o_1)
     3    0.02    0.09    0.26    3.41 v _395_/X (sky130_fd_sc_hd__a21o_1)
                                         _073_ (net)
                  0.09    0.00    3.41 v _398_/A (sky130_fd_sc_hd__and3_1)
     2    0.01    0.08    0.21    3.62 v _398_/X (sky130_fd_sc_hd__and3_1)
                                         _076_ (net)
                  0.08    0.00    3.62 v _401_/B (sky130_fd_sc_hd__or3_4)
     4    0.02    0.09    0.44    4.06 v _401_/X (sky130_fd_sc_hd__or3_4)
                                         _079_ (net)
                  0.09    0.00    4.06 v _402_/B (sky130_fd_sc_hd__nand2_1)
     3    0.01    0.14    0.16    4.22 ^ _402_/Y (sky130_fd_sc_hd__nand2_1)
                                         _080_ (net)
                  0.14    0.00    4.22 ^ _404_/C (sky130_fd_sc_hd__nand3_1)
     1    0.01    0.10    0.14    4.36 v _404_/Y (sky130_fd_sc_hd__nand3_1)
                                         _082_ (net)
                  0.10    0.00    4.36 v _408_/A3 (sky130_fd_sc_hd__a31o_1)
     1    0.00    0.04    0.25    4.61 v _408_/X (sky130_fd_sc_hd__a31o_1)
                                         _086_ (net)
                  0.04    0.00    4.61 v _409_/B1 (sky130_fd_sc_hd__a21oi_1)
     1    0.01    0.24    0.23    4.84 ^ _409_/Y (sky130_fd_sc_hd__a21oi_1)
                                         _087_ (net)
                  0.24    0.00    4.84 ^ _410_/B1 (sky130_fd_sc_hd__a21oi_1)
     1    0.00    0.07    0.07    4.91 v _410_/Y (sky130_fd_sc_hd__a21oi_1)
                                         net25 (net)
                  0.07    0.00    4.91 v output25/A (sky130_fd_sc_hd__buf_2)
     1    0.03    0.09    0.20    5.11 v output25/X (sky130_fd_sc_hd__buf_2)
                                         out[5] (net)
                  0.09    0.00    5.11 v out[5] (out)
                                  5.11   data arrival time

                  0.00   10.00   10.00   clock __VIRTUAL_CLK__ (rise edge)
                          0.00   10.00   clock network delay (ideal)
                         -0.25    9.75   clock uncertainty
                          0.00    9.75   clock reconvergence pessimism
                         -2.00    7.75   output external delay
                                  7.75   data required time
-----------------------------------------------------------------------------
                                  7.75   data required time
                                 -5.11   data arrival time
-----------------------------------------------------------------------------
                                  2.64   slack (MET)


Startpoint: B[1] (input port clocked by __VIRTUAL_CLK__)
Endpoint: out[4] (output port clocked by __VIRTUAL_CLK__)
Path Group: __VIRTUAL_CLK__
Path Type: max

Fanout     Cap    Slew   Delay    Time   Description
-----------------------------------------------------------------------------
                  0.00    0.00    0.00   clock __VIRTUAL_CLK__ (rise edge)
                          0.00    0.00   clock network delay (ideal)
                          2.00    2.00 v input external delay
     1    0.00    0.01    0.00    2.00 v B[1] (in)
                                         B[1] (net)
                  0.01    0.00    2.00 v input10/A (sky130_fd_sc_hd__clkbuf_2)
     4    0.02    0.09    0.15    2.15 v input10/X (sky130_fd_sc_hd__clkbuf_2)
                                         net10 (net)
                  0.09    0.00    2.15 v _266_/A (sky130_fd_sc_hd__buf_4)
    10    0.06    0.09    0.23    2.38 v _266_/X (sky130_fd_sc_hd__buf_4)
                                         _196_ (net)
                  0.09    0.00    2.38 v _267_/A (sky130_fd_sc_hd__clkbuf_4)
    10    0.04    0.09    0.22    2.59 v _267_/X (sky130_fd_sc_hd__clkbuf_4)
                                         _197_ (net)
                  0.09    0.00    2.60 v _277_/B (sky130_fd_sc_hd__and3_1)
     2    0.01    0.07    0.23    2.82 v _277_/X (sky130_fd_sc_hd__and3_1)
                                         _207_ (net)
                  0.07    0.00    2.82 v _279_/C (sky130_fd_sc_hd__or3_1)
     2    0.01    0.11    0.39    3.21 v _279_/X (sky130_fd_sc_hd__or3_1)
                                         _209_ (net)
                  0.11    0.00    3.21 v _301_/A2 (sky130_fd_sc_hd__a21o_1)
     3    0.01    0.08    0.25    3.46 v _301_/X (sky130_fd_sc_hd__a21o_1)
                                         _230_ (net)
                  0.08    0.00    3.47 v _312_/A2 (sky130_fd_sc_hd__a21o_1)
     3    0.01    0.08    0.24    3.71 v _312_/X (sky130_fd_sc_hd__a21o_1)
                                         _240_ (net)
                  0.08    0.00    3.71 v _366_/A1 (sky130_fd_sc_hd__a21bo_1)
     3    0.01    0.08    0.23    3.93 v _366_/X (sky130_fd_sc_hd__a21bo_1)
                                         _045_ (net)
                  0.08    0.00    3.94 v _368_/B (sky130_fd_sc_hd__or2_1)
     1    0.01    0.06    0.24    4.17 v _368_/X (sky130_fd_sc_hd__or2_1)
                                         _047_ (net)
                  0.06    0.00    4.17 v _372_/A3 (sky130_fd_sc_hd__a31o_1)
     1    0.00    0.04    0.23    4.41 v _372_/X (sky130_fd_sc_hd__a31o_1)
                                         _051_ (net)
                  0.04    0.00    4.41 v _373_/B2 (sky130_fd_sc_hd__o2bb2a_1)
     1    0.00    0.06    0.29    4.70 v _373_/X (sky130_fd_sc_hd__o2bb2a_1)
                                         net24 (net)
                  0.06    0.00    4.70 v output24/A (sky130_fd_sc_hd__buf_2)
     1    0.03    0.09    0.20    4.89 v output24/X (sky130_fd_sc_hd__buf_2)
                                         out[4] (net)
                  0.09    0.00    4.89 v out[4] (out)
                                  4.89   data arrival time

                  0.00   10.00   10.00   clock __VIRTUAL_CLK__ (rise edge)
                          0.00   10.00   clock network delay (ideal)
                         -0.25    9.75   clock uncertainty
                          0.00    9.75   clock reconvergence pessimism
                         -2.00    7.75   output external delay
                                  7.75   data required time
-----------------------------------------------------------------------------
                                  7.75   data required time
                                 -4.89   data arrival time
-----------------------------------------------------------------------------
                                  2.86   slack (MET)


Startpoint: B[1] (input port clocked by __VIRTUAL_CLK__)
Endpoint: out[3] (output port clocked by __VIRTUAL_CLK__)
Path Group: __VIRTUAL_CLK__
Path Type: max

Fanout     Cap    Slew   Delay    Time   Description
-----------------------------------------------------------------------------
                  0.00    0.00    0.00   clock __VIRTUAL_CLK__ (rise edge)
                          0.00    0.00   clock network delay (ideal)
                          2.00    2.00 v input external delay
     1    0.00    0.01    0.00    2.00 v B[1] (in)
                                         B[1] (net)
                  0.01    0.00    2.00 v input10/A (sky130_fd_sc_hd__clkbuf_2)
     4    0.02    0.09    0.15    2.15 v input10/X (sky130_fd_sc_hd__clkbuf_2)
                                         net10 (net)
                  0.09    0.00    2.15 v _266_/A (sky130_fd_sc_hd__buf_4)
    10    0.06    0.09    0.23    2.38 v _266_/X (sky130_fd_sc_hd__buf_4)
                                         _196_ (net)
                  0.09    0.00    2.38 v _267_/A (sky130_fd_sc_hd__clkbuf_4)
    10    0.04    0.09    0.22    2.59 v _267_/X (sky130_fd_sc_hd__clkbuf_4)
                                         _197_ (net)
                  0.09    0.00    2.60 v _277_/B (sky130_fd_sc_hd__and3_1)
     2    0.01    0.07    0.23    2.82 v _277_/X (sky130_fd_sc_hd__and3_1)
                                         _207_ (net)
                  0.07    0.00    2.82 v _279_/C (sky130_fd_sc_hd__or3_1)
     2    0.01    0.11    0.39    3.21 v _279_/X (sky130_fd_sc_hd__or3_1)
                                         _209_ (net)
                  0.11    0.00    3.21 v _301_/A2 (sky130_fd_sc_hd__a21o_1)
     3    0.01    0.08    0.25    3.46 v _301_/X (sky130_fd_sc_hd__a21o_1)
                                         _230_ (net)
                  0.08    0.00    3.47 v _312_/A2 (sky130_fd_sc_hd__a21o_1)
     3    0.01    0.08    0.24    3.71 v _312_/X (sky130_fd_sc_hd__a21o_1)
                                         _240_ (net)
                  0.08    0.00    3.71 v _319_/B1 (sky130_fd_sc_hd__a21o_1)
     1    0.01    0.04    0.18    3.89 v _319_/X (sky130_fd_sc_hd__a21o_1)
                                         _247_ (net)
                  0.04    0.00    3.89 v _320_/B (sky130_fd_sc_hd__and3b_1)
     1    0.01    0.06    0.19    4.07 v _320_/X (sky130_fd_sc_hd__and3b_1)
                                         _000_ (net)
                  0.06    0.00    4.07 v _339_/B1 (sky130_fd_sc_hd__o2bb2a_1)
     1    0.01    0.07    0.32    4.40 v _339_/X (sky130_fd_sc_hd__o2bb2a_1)
                                         net23 (net)
                  0.07    0.00    4.40 v output23/A (sky130_fd_sc_hd__buf_2)
     1    0.03    0.09    0.20    4.60 v output23/X (sky130_fd_sc_hd__buf_2)
                                         out[3] (net)
                  0.09    0.00    4.60 v out[3] (out)
                                  4.60   data arrival time

                  0.00   10.00   10.00   clock __VIRTUAL_CLK__ (rise edge)
                          0.00   10.00   clock network delay (ideal)
                         -0.25    9.75   clock uncertainty
                          0.00    9.75   clock reconvergence pessimism
                         -2.00    7.75   output external delay
                                  7.75   data required time
-----------------------------------------------------------------------------
                                  7.75   data required time
                                 -4.60   data arrival time
-----------------------------------------------------------------------------
                                  3.15   slack (MET)


Startpoint: B[1] (input port clocked by __VIRTUAL_CLK__)
Endpoint: out[2] (output port clocked by __VIRTUAL_CLK__)
Path Group: __VIRTUAL_CLK__
Path Type: max

Fanout     Cap    Slew   Delay    Time   Description
-----------------------------------------------------------------------------
                  0.00    0.00    0.00   clock __VIRTUAL_CLK__ (rise edge)
                          0.00    0.00   clock network delay (ideal)
                          2.00    2.00 v input external delay
     1    0.00    0.01    0.00    2.00 v B[1] (in)
                                         B[1] (net)
                  0.01    0.00    2.00 v input10/A (sky130_fd_sc_hd__clkbuf_2)
     4    0.02    0.09    0.15    2.15 v input10/X (sky130_fd_sc_hd__clkbuf_2)
                                         net10 (net)
                  0.09    0.00    2.15 v _266_/A (sky130_fd_sc_hd__buf_4)
    10    0.06    0.09    0.23    2.38 v _266_/X (sky130_fd_sc_hd__buf_4)
                                         _196_ (net)
                  0.09    0.00    2.38 v _267_/A (sky130_fd_sc_hd__clkbuf_4)
    10    0.04    0.09    0.22    2.59 v _267_/X (sky130_fd_sc_hd__clkbuf_4)
                                         _197_ (net)
                  0.09    0.00    2.60 v _277_/B (sky130_fd_sc_hd__and3_1)
     2    0.01    0.07    0.23    2.82 v _277_/X (sky130_fd_sc_hd__and3_1)
                                         _207_ (net)
                  0.07    0.00    2.82 v _279_/C (sky130_fd_sc_hd__or3_1)
     2    0.01    0.11    0.39    3.21 v _279_/X (sky130_fd_sc_hd__or3_1)
                                         _209_ (net)
                  0.11    0.00    3.21 v _301_/A2 (sky130_fd_sc_hd__a21o_1)
     3    0.01    0.08    0.25    3.46 v _301_/X (sky130_fd_sc_hd__a21o_1)
                                         _230_ (net)
                  0.08    0.00    3.47 v _303_/A2 (sky130_fd_sc_hd__o21a_1)
     1    0.01    0.06    0.21    3.67 v _303_/X (sky130_fd_sc_hd__o21a_1)
                                         _232_ (net)
                  0.06    0.00    3.67 v _308_/A2 (sky130_fd_sc_hd__a211o_1)
     1    0.00    0.06    0.31    3.99 v _308_/X (sky130_fd_sc_hd__a211o_1)
                                         _237_ (net)
                  0.06    0.00    3.99 v _309_/B2 (sky130_fd_sc_hd__o2bb2a_1)
     1    0.01    0.07    0.32    4.30 v _309_/X (sky130_fd_sc_hd__o2bb2a_1)
                                         net22 (net)
                  0.07    0.00    4.30 v output22/A (sky130_fd_sc_hd__buf_2)
     1    0.03    0.09    0.20    4.50 v output22/X (sky130_fd_sc_hd__buf_2)
                                         out[2] (net)
                  0.09    0.00    4.50 v out[2] (out)
                                  4.50   data arrival time

                  0.00   10.00   10.00   clock __VIRTUAL_CLK__ (rise edge)
                          0.00   10.00   clock network delay (ideal)
                         -0.25    9.75   clock uncertainty
                          0.00    9.75   clock reconvergence pessimism
                         -2.00    7.75   output external delay
                                  7.75   data required time
-----------------------------------------------------------------------------
                                  7.75   data required time
                                 -4.50   data arrival time
-----------------------------------------------------------------------------
                                  3.25   slack (MET)


Startpoint: B[1] (input port clocked by __VIRTUAL_CLK__)
Endpoint: out[1] (output port clocked by __VIRTUAL_CLK__)
Path Group: __VIRTUAL_CLK__
Path Type: max

Fanout     Cap    Slew   Delay    Time   Description
-----------------------------------------------------------------------------
                  0.00    0.00    0.00   clock __VIRTUAL_CLK__ (rise edge)
                          0.00    0.00   clock network delay (ideal)
                          2.00    2.00 ^ input external delay
     1    0.00    0.02    0.01    2.01 ^ B[1] (in)
                                         B[1] (net)
                  0.02    0.00    2.01 ^ input10/A (sky130_fd_sc_hd__clkbuf_2)
     4    0.02    0.13    0.17    2.18 ^ input10/X (sky130_fd_sc_hd__clkbuf_2)
                                         net10 (net)
                  0.13    0.00    2.18 ^ _266_/A (sky130_fd_sc_hd__buf_4)
    10    0.06    0.18    0.25    2.43 ^ _266_/X (sky130_fd_sc_hd__buf_4)
                                         _196_ (net)
                  0.18    0.00    2.43 ^ _267_/A (sky130_fd_sc_hd__clkbuf_4)
    10    0.04    0.13    0.26    2.69 ^ _267_/X (sky130_fd_sc_hd__clkbuf_4)
                                         _197_ (net)
                  0.13    0.00    2.69 ^ _277_/B (sky130_fd_sc_hd__and3_1)
     2    0.01    0.13    0.24    2.93 ^ _277_/X (sky130_fd_sc_hd__and3_1)
                                         _207_ (net)
                  0.13    0.00    2.93 ^ _279_/C (sky130_fd_sc_hd__or3_1)
     2    0.01    0.11    0.18    3.11 ^ _279_/X (sky130_fd_sc_hd__or3_1)
                                         _209_ (net)
                  0.11    0.00    3.11 ^ _280_/B_N (sky130_fd_sc_hd__or2b_1)
     1    0.01    0.06    0.27    3.38 v _280_/X (sky130_fd_sc_hd__or2b_1)
                                         _210_ (net)
                  0.06    0.00    3.38 v _281_/B (sky130_fd_sc_hd__xnor2_1)
     1    0.01    0.07    0.15    3.53 v _281_/Y (sky130_fd_sc_hd__xnor2_1)
                                         _211_ (net)
                  0.07    0.00    3.53 v _286_/A2 (sky130_fd_sc_hd__a211o_1)
     1    0.00    0.06    0.32    3.85 v _286_/X (sky130_fd_sc_hd__a211o_1)
                                         _216_ (net)
                  0.06    0.00    3.85 v _287_/B2 (sky130_fd_sc_hd__o2bb2a_1)
     1    0.01    0.08    0.33    4.18 v _287_/X (sky130_fd_sc_hd__o2bb2a_1)
                                         net21 (net)
                  0.08    0.00    4.18 v output21/A (sky130_fd_sc_hd__buf_2)
     1    0.03    0.09    0.20    4.38 v output21/X (sky130_fd_sc_hd__buf_2)
                                         out[1] (net)
                  0.09    0.00    4.38 v out[1] (out)
                                  4.38   data arrival time

                  0.00   10.00   10.00   clock __VIRTUAL_CLK__ (rise edge)
                          0.00   10.00   clock network delay (ideal)
                         -0.25    9.75   clock uncertainty
                          0.00    9.75   clock reconvergence pessimism
                         -2.00    7.75   output external delay
                                  7.75   data required time
-----------------------------------------------------------------------------
                                  7.75   data required time
                                 -4.38   data arrival time
-----------------------------------------------------------------------------
                                  3.37   slack (MET)


Startpoint: opcode[0] (input port clocked by __VIRTUAL_CLK__)
Endpoint: out[0] (output port clocked by __VIRTUAL_CLK__)
Path Group: __VIRTUAL_CLK__
Path Type: max

Fanout     Cap    Slew   Delay    Time   Description
-----------------------------------------------------------------------------
                  0.00    0.00    0.00   clock __VIRTUAL_CLK__ (rise edge)
                          0.00    0.00   clock network delay (ideal)
                          2.00    2.00 v input external delay
     1    0.00    0.01    0.00    2.00 v opcode[0] (in)
                                         opcode[0] (net)
                  0.01    0.00    2.00 v input17/A (sky130_fd_sc_hd__buf_2)
     5    0.03    0.07    0.16    2.16 v input17/X (sky130_fd_sc_hd__buf_2)
                                         net17 (net)
                  0.07    0.00    2.16 v _249_/A (sky130_fd_sc_hd__or2_2)
     5    0.02    0.10    0.39    2.55 v _249_/X (sky130_fd_sc_hd__or2_2)
                                         _180_ (net)
                  0.10    0.00    2.55 v _258_/B (sky130_fd_sc_hd__nor2_2)
     8    0.03    0.33    0.31    2.86 ^ _258_/Y (sky130_fd_sc_hd__nor2_2)
                                         _189_ (net)
                  0.33    0.00    2.86 ^ _260_/A1 (sky130_fd_sc_hd__o211a_1)
     1    0.01    0.07    0.24    3.10 ^ _260_/X (sky130_fd_sc_hd__o211a_1)
                                         _191_ (net)
                  0.07    0.00    3.10 ^ _261_/B1 (sky130_fd_sc_hd__a31o_1)
     1    0.00    0.05    0.10    3.21 ^ _261_/X (sky130_fd_sc_hd__a31o_1)
                                         _192_ (net)
                  0.05    0.00    3.21 ^ _262_/B2 (sky130_fd_sc_hd__a2bb2o_1)
     1    0.01    0.08    0.16    3.36 ^ _262_/X (sky130_fd_sc_hd__a2bb2o_1)
                                         net20 (net)
                  0.08    0.00    3.36 ^ output20/A (sky130_fd_sc_hd__buf_2)
     1    0.03    0.17    0.22    3.59 ^ output20/X (sky130_fd_sc_hd__buf_2)
                                         out[0] (net)
                  0.17    0.00    3.59 ^ out[0] (out)
                                  3.59   data arrival time

                  0.00   10.00   10.00   clock __VIRTUAL_CLK__ (rise edge)
                          0.00   10.00   clock network delay (ideal)
                         -0.25    9.75   clock uncertainty
                          0.00    9.75   clock reconvergence pessimism
                         -2.00    7.75   output external delay
                                  7.75   data required time
-----------------------------------------------------------------------------
                                  7.75   data required time
                                 -3.59   data arrival time
-----------------------------------------------------------------------------
                                  4.16   slack (MET)



worst slack corner Typical: 1.9202
